
> color-space@2.3.1 test
> node test

[0m► lrgb
[32m√ 1 (is) — from white[0m
[32m√ 2 (is) — from black[0m
[32m√ 3 (is) — from gray[0m
[32m√ 4 (is) — to white[0m
[32m√ 5 (is) — to black[0m
[32m√ 6 (is) — to gray[0m

[0m► xyz
[32m√ 7 (is) — from white[0m
[32m√ 8 (is) — from black[0m
[32m√ 9 (is) — from gray[0m
[32m√ 10 (is) — from red[0m
[32m√ 11 (is) — from green[0m
[32m√ 12 (is) — from blue[0m
[32m√ 13 (is) — from cyan[0m
[32m√ 14 (is) — from magenta[0m
[32m√ 15 (is) — from yellow[0m
[32m√ 16 (is) — from arbitrary[0m
[32m√ 17 (is) — to white[0m
[32m√ 18 (is) — to black[0m
[32m√ 19 (is) — to gray[0m
[32m√ 20 (is) — to red[0m
[32m√ 21 (is) — to green[0m
[32m√ 22 (is) — to blue[0m
[32m√ 23 (is) — to cyan[0m
[32m√ 24 (is) — to magenta[0m
[32m√ 25 (is) — to yellow[0m
[32m√ 26 (is) — to arbitrary[0m

[0m► lab: lab -> xyz
[32m√ 27 (is) — should be the same[0m
[32m√ 28 (is) — should be the same[0m
[32m√ 29 (is) — should be the same[0m
[32m√ 30 (is) — should be the same[0m

[0m► cmyk: rgb -> cmyk
[32m√ 31 (is) — should be the same[0m
[32m√ 32 (is) — should be the same[0m

[0m► cmyk: cmyk -> rgb
[32m√ 33 (is) — should be the same[0m

[0m► cmyk: cmyk -> hsl
[32m√ 34 (is) — should be the same[0m

[0m► cmyk: cmyk -> hsv
[32m√ 35 (is) — should be the same[0m

[0m► cmyk: cmyk -> hwb
[32m√ 36 (is) — should be the same[0m

[0m► hsl: hsl -> rgb
[32m√ 37 (is) — should be the same[0m

[0m► hsl: hsl -> hsv
[32m√ 38 (is) — should be the same[0m

[0m► hsl: hsl -> cmyk
[32m√ 39 (is) — should be the same[0m

[0m► hsl: rgb -> hsl
[32m√ 40 (is) — should be the same[0m

[0m► hsv: hsv -> rgb
[32m√ 41 (is) — should be the same[0m

[0m► hsv: hsv -> hsl
[32m√ 42 (is) — should be the same[0m
[32m√ 43 (is) — should be the same[0m

[0m► hsv: hsv -> cmyk
[32m√ 44 (is) — should be the same[0m

[0m► hsv: rgb -> hsv
[32m√ 45 (is) — should be the same[0m

[0m► hsp: hsp -> rgb
[32m√ 46 (is) — should be the same[0m
[32m√ 47 (is) — should be the same[0m

[0m► hsp: rgb -> hsp
[32m√ 48 (is) — should be the same[0m

[0m► hsp: rgb -> hsp
[32m√ 49 (is) — should be the same[0m

[0m► hsi: hsi -> rgb
[32m√ 50 (is) — should be the same[0m

[0m► hsi: rgb -> hsi
[32m√ 51 (is) — should be the same[0m

[0m► hcg: hcg -> rgb
[32m√ 52 (is) — should be the same[0m
[32m√ 53 (is) — should be the same[0m
[32m√ 54 (is) — should be the same[0m
[32m√ 55 (is) — should be the same[0m
[32m√ 56 (is) — should be the same[0m
[32m√ 57 (is) — should be the same[0m
[32m√ 58 (is) — should be the same[0m

[0m► hcg: rgb -> hcg
[32m√ 59 (is) — should be the same[0m
[32m√ 60 (is) — should be the same[0m
[32m√ 61 (is) — should be the same[0m
[32m√ 62 (is) — should be the same[0m
[32m√ 63 (is) — should be the same[0m
[32m√ 64 (is) — should be the same[0m

[0m► hcg: hcg -> hwb
[32m√ 65 (is) — should be the same[0m
[32m√ 66 (is) — should be the same[0m
[32m√ 67 (is) — should be the same[0m
[32m√ 68 (is) — should be the same[0m

[0m► hcg: hwb -> hcg
[32m√ 69 (is) — should be the same[0m
[31m× 70 — should be the same
actual:[0m [ 0.5555555555555556, 1, 0 ] [31m
expect:[0m [ 0.56, 1, 0 ] [31m

[0m► hwb: hwb -> rgb
[32m√ 71 (is) — should be the same[0m
[32m√ 72 (is) — should be the same[0m
[32m√ 73 (is) — should be the same[0m
[32m√ 74 (is) — should be the same[0m
[32m√ 75 (is) — should be the same[0m
[32m√ 76 (is) — should be the same[0m
[32m√ 77 (is) — should be the same[0m
[32m√ 78 (is) — should be the same[0m
[32m√ 79 (is) — should be the same[0m
[32m√ 80 (is) — should be the same[0m
[32m√ 81 (is) — should be the same[0m
[32m√ 82 (is) — should be the same[0m
[32m√ 83 (is) — should be the same[0m
[32m√ 84 (is) — should be the same[0m
[32m√ 85 (is) — should be the same[0m
[32m√ 86 (is) — should be the same[0m
[32m√ 87 (is) — should be the same[0m
[32m√ 88 (is) — should be the same[0m
[32m√ 89 (is) — should be the same[0m
[32m√ 90 (is) — should be the same[0m
[32m√ 91 (is) — should be the same[0m
[32m√ 92 (is) — should be the same[0m
[32m√ 93 (is) — should be the same[0m
[32m√ 94 (is) — should be the same[0m
[32m√ 95 (is) — should be the same[0m
[32m√ 96 (is) — should be the same[0m
[32m√ 97 (is) — should be the same[0m
[32m√ 98 (is) — should be the same[0m
[32m√ 99 (is) — should be the same[0m
[32m√ 100 (is) — should be the same[0m
[32m√ 101 (is) — should be the same[0m
[32m√ 102 (is) — should be the same[0m
[32m√ 103 (is) — should be the same[0m
[32m√ 104 (is) — should be the same[0m
[32m√ 105 (is) — should be the same[0m
[32m√ 106 (is) — should be the same[0m
[32m√ 107 (is) — should be the same[0m
[32m√ 108 (is) — should be the same[0m
[32m√ 109 (is) — should be the same[0m
[32m√ 110 (is) — should be the same[0m
[32m√ 111 (is) — should be the same[0m
[32m√ 112 (is) — should be the same[0m
[32m√ 113 (is) — should be the same[0m
[32m√ 114 (is) — should be the same[0m
[32m√ 115 (is) — should be the same[0m
[32m√ 116 (is) — should be the same[0m
[32m√ 117 (is) — should be the same[0m
[32m√ 118 (is) — should be the same[0m
[32m√ 119 (is) — should be the same[0m
[32m√ 120 (is) — should be the same[0m
[32m√ 121 (is) — should be the same[0m
[32m√ 122 (is) — should be the same[0m
[32m√ 123 (is) — should be the same[0m
[32m√ 124 (is) — should be the same[0m
[32m√ 125 (is) — should be the same[0m
[32m√ 126 (is) — should be the same[0m
[32m√ 127 (is) — should be the same[0m
[32m√ 128 (is) — should be the same[0m
[32m√ 129 (is) — should be the same[0m
[32m√ 130 (is) — should be the same[0m
[32m√ 131 (is) — should be the same[0m
[32m√ 132 (is) — should be the same[0m
[32m√ 133 (is) — should be the same[0m
[32m√ 134 (is) — should be the same[0m
[32m√ 135 (is) — should be the same[0m
[32m√ 136 (is) — should be the same[0m
[32m√ 137 (is) — should be the same[0m
[32m√ 138 (is) — should be the same[0m
[32m√ 139 (is) — should be the same[0m
[32m√ 140 (is) — should be the same[0m
[32m√ 141 (is) — should be the same[0m
[32m√ 142 (is) — should be the same[0m
[32m√ 143 (is) — should be the same[0m
[32m√ 144 (is) — should be the same[0m
[32m√ 145 (is) — should be the same[0m
[32m√ 146 (is) — should be the same[0m
[32m√ 147 (is) — should be the same[0m
[32m√ 148 (is) — should be the same[0m
[32m√ 149 (is) — should be the same[0m
[32m√ 150 (is) — should be the same[0m
[32m√ 151 (is) — should be the same[0m
[32m√ 152 (is) — should be the same[0m
[32m√ 153 (is) — should be the same[0m
[32m√ 154 (is) — should be the same[0m
[32m√ 155 (is) — should be the same[0m
[32m√ 156 (is) — should be the same[0m
[32m√ 157 (is) — should be the same[0m
[32m√ 158 (is) — should be the same[0m
[32m√ 159 (is) — should be the same[0m
[32m√ 160 (is) — should be the same[0m
[32m√ 161 (is) — should be the same[0m
[32m√ 162 (is) — should be the same[0m
[32m√ 163 (is) — should be the same[0m
[32m√ 164 (is) — should be the same[0m
[32m√ 165 (is) — should be the same[0m
[32m√ 166 (is) — should be the same[0m
[32m√ 167 (is) — should be the same[0m
[32m√ 168 (is) — should be the same[0m
[32m√ 169 (is) — should be the same[0m
[32m√ 170 (is) — should be the same[0m
[32m√ 171 (is) — should be the same[0m
[32m√ 172 (is) — should be the same[0m
[32m√ 173 (is) — should be the same[0m
[32m√ 174 (is) — should be the same[0m
[32m√ 175 (is) — should be the same[0m
[32m√ 176 (is) — should be the same[0m
[32m√ 177 (is) — should be the same[0m
[32m√ 178 (is) — should be the same[0m
[32m√ 179 (is) — should be the same[0m
[32m√ 180 (is) — should be the same[0m
[32m√ 181 (is) — should be the same[0m
[32m√ 182 (is) — should be the same[0m
[32m√ 183 (is) — should be the same[0m
[32m√ 184 (is) — should be the same[0m
[32m√ 185 (is) — should be the same[0m
[32m√ 186 (is) — should be the same[0m
[32m√ 187 (is) — should be the same[0m
[32m√ 188 (is) — should be the same[0m
[32m√ 189 (is) — should be the same[0m
[32m√ 190 (is) — should be the same[0m
[32m√ 191 (is) — should be the same[0m
[32m√ 192 (is) — should be the same[0m
[32m√ 193 (is) — should be the same[0m
[32m√ 194 (is) — should be the same[0m
[32m√ 195 (is) — should be the same[0m
[32m√ 196 (is) — should be the same[0m
[32m√ 197 (is) — should be the same[0m
[32m√ 198 (is) — should be the same[0m
[32m√ 199 (is) — should be the same[0m
[32m√ 200 (is) — should be the same[0m
[32m√ 201 (is) — should be the same[0m
[32m√ 202 (is) — should be the same[0m
[32m√ 203 (is) — should be the same[0m
[32m√ 204 (is) — should be the same[0m
[32m√ 205 (is) — should be the same[0m
[32m√ 206 (is) — should be the same[0m
[32m√ 207 (is) — should be the same[0m
[32m√ 208 (is) — should be the same[0m
[32m√ 209 (is) — should be the same[0m
[32m√ 210 (is) — should be the same[0m
[32m√ 211 (is) — should be the same[0m
[32m√ 212 (is) — should be the same[0m
[32m√ 213 (is) — should be the same[0m
[32m√ 214 (is) — should be the same[0m
[32m√ 215 (is) — should be the same[0m
[32m√ 216 (is) — should be the same[0m
[32m√ 217 (is) — should be the same[0m
[32m√ 218 (is) — should be the same[0m
[32m√ 219 (is) — should be the same[0m
[32m√ 220 (is) — should be the same[0m
[32m√ 221 (is) — should be the same[0m
[32m√ 222 (is) — should be the same[0m
[32m√ 223 (is) — should be the same[0m
[32m√ 224 (is) — should be the same[0m
[32m√ 225 (is) — should be the same[0m
[32m√ 226 (is) — should be the same[0m
[32m√ 227 (is) — should be the same[0m
[32m√ 228 (is) — should be the same[0m
[32m√ 229 (is) — should be the same[0m
[32m√ 230 (is) — should be the same[0m
[32m√ 231 (is) — should be the same[0m
[32m√ 232 (is) — should be the same[0m
[32m√ 233 (is) — should be the same[0m
[32m√ 234 (is) — should be the same[0m
[32m√ 235 (is) — should be the same[0m
[32m√ 236 (is) — should be the same[0m
[32m√ 237 (is) — should be the same[0m
[32m√ 238 (is) — should be the same[0m
[32m√ 239 (is) — should be the same[0m
[32m√ 240 (is) — should be the same[0m
[32m√ 241 (is) — should be the same[0m
[32m√ 242 (is) — should be the same[0m
[32m√ 243 (is) — should be the same[0m
[32m√ 244 (is) — should be the same[0m
[32m√ 245 (is) — should be the same[0m
[32m√ 246 (is) — should be the same[0m
[32m√ 247 (is) — should be the same[0m
[32m√ 248 (is) — should be the same[0m
[32m√ 249 (is) — should be the same[0m
[32m√ 250 (is) — should be the same[0m
[32m√ 251 (is) — should be the same[0m
[32m√ 252 (is) — should be the same[0m
[32m√ 253 (is) — should be the same[0m
[32m√ 254 (is) — should be the same[0m
[32m√ 255 (is) — should be the same[0m
[32m√ 256 (is) — should be the same[0m
[32m√ 257 (is) — should be the same[0m
[32m√ 258 (is) — should be the same[0m
[32m√ 259 (is) — should be the same[0m
[32m√ 260 (is) — should be the same[0m
[32m√ 261 (is) — should be the same[0m
[32m√ 262 (is) — should be the same[0m
[32m√ 263 (is) — should be the same[0m
[32m√ 264 (is) — should be the same[0m
[32m√ 265 (is) — should be the same[0m
[32m√ 266 (is) — should be the same[0m
[32m√ 267 (is) — should be the same[0m
[32m√ 268 (is) — should be the same[0m
[32m√ 269 (is) — should be the same[0m
[32m√ 270 (is) — should be the same[0m
[32m√ 271 (is) — should be the same[0m
[32m√ 272 (is) — should be the same[0m
[32m√ 273 (is) — should be the same[0m
[32m√ 274 (is) — should be the same[0m
[32m√ 275 (is) — should be the same[0m
[32m√ 276 (is) — should be the same[0m
[32m√ 277 (is) — should be the same[0m
[32m√ 278 (is) — should be the same[0m
[32m√ 279 (is) — should be the same[0m
[32m√ 280 (is) — should be the same[0m
[32m√ 281 (is) — should be the same[0m
[32m√ 282 (is) — should be the same[0m
[32m√ 283 (is) — should be the same[0m
[32m√ 284 (is) — should be the same[0m
[32m√ 285 (is) — should be the same[0m
[32m√ 286 (is) — should be the same[0m
[32m√ 287 (is) — should be the same[0m
[32m√ 288 (is) — should be the same[0m
[32m√ 289 (is) — should be the same[0m
[32m√ 290 (is) — should be the same[0m
[32m√ 291 (is) — should be the same[0m
[32m√ 292 (is) — should be the same[0m
[32m√ 293 (is) — should be the same[0m
[32m√ 294 (is) — should be the same[0m
[32m√ 295 (is) — should be the same[0m
[32m√ 296 (is) — should be the same[0m
[32m√ 297 (is) — should be the same[0m
[32m√ 298 (is) — should be the same[0m
[32m√ 299 (is) — should be the same[0m
[32m√ 300 (is) — should be the same[0m
[32m√ 301 (is) — should be the same[0m
[32m√ 302 (is) — should be the same[0m
[32m√ 303 (is) — should be the same[0m
[32m√ 304 (is) — should be the same[0m
[32m√ 305 (is) — should be the same[0m
[32m√ 306 (is) — should be the same[0m
[32m√ 307 (is) — should be the same[0m
[32m√ 308 (is) — should be the same[0m
[32m√ 309 (is) — should be the same[0m
[32m√ 310 (is) — should be the same[0m
[32m√ 311 (is) — should be the same[0m
[32m√ 312 (is) — should be the same[0m
[32m√ 313 (is) — should be the same[0m
[32m√ 314 (is) — should be the same[0m
[32m√ 315 (is) — should be the same[0m
[32m√ 316 (is) — should be the same[0m
[32m√ 317 (is) — should be the same[0m
[32m√ 318 (is) — should be the same[0m
[32m√ 319 (is) — should be the same[0m
[32m√ 320 (is) — should be the same[0m
[32m√ 321 (is) — should be the same[0m
[32m√ 322 (is) — should be the same[0m
[32m√ 323 (is) — should be the same[0m
[32m√ 324 (is) — should be the same[0m
[32m√ 325 (is) — should be the same[0m
[32m√ 326 (is) — should be the same[0m
[32m√ 327 (is) — should be the same[0m
[32m√ 328 (is) — should be the same[0m
[32m√ 329 (is) — should be the same[0m
[32m√ 330 (is) — should be the same[0m
[32m√ 331 (is) — should be the same[0m
[32m√ 332 (is) — should be the same[0m
[32m√ 333 (is) — should be the same[0m
[32m√ 334 (is) — should be the same[0m
[32m√ 335 (is) — should be the same[0m
[32m√ 336 (is) — should be the same[0m
[32m√ 337 (is) — should be the same[0m
[32m√ 338 (is) — should be the same[0m
[32m√ 339 (is) — should be the same[0m
[32m√ 340 (is) — should be the same[0m
[32m√ 341 (is) — should be the same[0m
[32m√ 342 (is) — should be the same[0m
[32m√ 343 (is) — should be the same[0m
[32m√ 344 (is) — should be the same[0m
[32m√ 345 (is) — should be the same[0m
[32m√ 346 (is) — should be the same[0m
[32m√ 347 (is) — should be the same[0m
[32m√ 348 (is) — should be the same[0m
[32m√ 349 (is) — should be the same[0m
[32m√ 350 (is) — should be the same[0m
[32m√ 351 (is) — should be the same[0m
[32m√ 352 (is) — should be the same[0m
[32m√ 353 (is) — should be the same[0m
[32m√ 354 (is) — should be the same[0m
[32m√ 355 (is) — should be the same[0m
[32m√ 356 (is) — should be the same[0m
[32m√ 357 (is) — should be the same[0m
[32m√ 358 (is) — should be the same[0m
[32m√ 359 (is) — should be the same[0m
[32m√ 360 (is) — should be the same[0m
[32m√ 361 (is) — should be the same[0m
[32m√ 362 (is) — should be the same[0m
[32m√ 363 (is) — should be the same[0m
[32m√ 364 (is) — should be the same[0m
[32m√ 365 (is) — should be the same[0m
[32m√ 366 (is) — should be the same[0m
[32m√ 367 (is) — should be the same[0m
[32m√ 368 (is) — should be the same[0m
[32m√ 369 (is) — should be the same[0m
[32m√ 370 (is) — should be the same[0m
[32m√ 371 (is) — should be the same[0m
[32m√ 372 (is) — should be the same[0m
[32m√ 373 (is) — should be the same[0m
[32m√ 374 (is) — should be the same[0m
[32m√ 375 (is) — should be the same[0m
[32m√ 376 (is) — should be the same[0m
[32m√ 377 (is) — should be the same[0m
[32m√ 378 (is) — should be the same[0m
[32m√ 379 (is) — should be the same[0m
[32m√ 380 (is) — should be the same[0m
[32m√ 381 (is) — should be the same[0m
[32m√ 382 (is) — should be the same[0m
[32m√ 383 (is) — should be the same[0m
[32m√ 384 (is) — should be the same[0m
[32m√ 385 (is) — should be the same[0m
[32m√ 386 (is) — should be the same[0m
[32m√ 387 (is) — should be the same[0m
[32m√ 388 (is) — should be the same[0m
[32m√ 389 (is) — should be the same[0m
[32m√ 390 (is) — should be the same[0m
[32m√ 391 (is) — should be the same[0m
[32m√ 392 (is) — should be the same[0m
[32m√ 393 (is) — should be the same[0m
[32m√ 394 (is) — should be the same[0m
[32m√ 395 (is) — should be the same[0m
[32m√ 396 (is) — should be the same[0m
[32m√ 397 (is) — should be the same[0m
[32m√ 398 (is) — should be the same[0m
[32m√ 399 (is) — should be the same[0m
[32m√ 400 (is) — should be the same[0m
[32m√ 401 (is) — should be the same[0m
[32m√ 402 (is) — should be the same[0m
[32m√ 403 (is) — should be the same[0m
[32m√ 404 (is) — should be the same[0m
[32m√ 405 (is) — should be the same[0m
[32m√ 406 (is) — should be the same[0m
[32m√ 407 (is) — should be the same[0m
[32m√ 408 (is) — should be the same[0m
[32m√ 409 (is) — should be the same[0m
[32m√ 410 (is) — should be the same[0m
[32m√ 411 (is) — should be the same[0m
[32m√ 412 (is) — should be the same[0m
[32m√ 413 (is) — should be the same[0m
[32m√ 414 (is) — should be the same[0m
[32m√ 415 (is) — should be the same[0m
[32m√ 416 (is) — should be the same[0m
[32m√ 417 (is) — should be the same[0m
[32m√ 418 (is) — should be the same[0m
[32m√ 419 (is) — should be the same[0m
[32m√ 420 (is) — should be the same[0m
[32m√ 421 (is) — should be the same[0m
[32m√ 422 (is) — should be the same[0m
[32m√ 423 (is) — should be the same[0m
[32m√ 424 (is) — should be the same[0m
[32m√ 425 (is) — should be the same[0m
[32m√ 426 (is) — should be the same[0m
[32m√ 427 (is) — should be the same[0m
[32m√ 428 (is) — should be the same[0m
[32m√ 429 (is) — should be the same[0m
[32m√ 430 (is) — should be the same[0m
[32m√ 431 (is) — should be the same[0m
[32m√ 432 (is) — should be the same[0m
[32m√ 433 (is) — should be the same[0m
[32m√ 434 (is) — should be the same[0m
[32m√ 435 (is) — should be the same[0m
[32m√ 436 (is) — should be the same[0m
[32m√ 437 (is) — should be the same[0m
[32m√ 438 (is) — should be the same[0m
[32m√ 439 (is) — should be the same[0m
[32m√ 440 (is) — should be the same[0m
[32m√ 441 (is) — should be the same[0m
[32m√ 442 (is) — should be the same[0m
[32m√ 443 (is) — should be the same[0m
[32m√ 444 (is) — should be the same[0m
[32m√ 445 (is) — should be the same[0m
[32m√ 446 (is) — should be the same[0m
[32m√ 447 (is) — should be the same[0m
[32m√ 448 (is) — should be the same[0m
[32m√ 449 (is) — should be the same[0m
[32m√ 450 (is) — should be the same[0m
[32m√ 451 (is) — should be the same[0m
[32m√ 452 (is) — should be the same[0m
[32m√ 453 (is) — should be the same[0m
[32m√ 454 (is) — should be the same[0m
[32m√ 455 (is) — should be the same[0m
[32m√ 456 (is) — should be the same[0m
[32m√ 457 (is) — should be the same[0m
[32m√ 458 (is) — should be the same[0m
[32m√ 459 (is) — should be the same[0m
[32m√ 460 (is) — should be the same[0m
[32m√ 461 (is) — should be the same[0m
[32m√ 462 (is) — should be the same[0m
[32m√ 463 (is) — should be the same[0m
[32m√ 464 (is) — should be the same[0m
[32m√ 465 (is) — should be the same[0m
[32m√ 466 (is) — should be the same[0m
[32m√ 467 (is) — should be the same[0m
[32m√ 468 (is) — should be the same[0m
[32m√ 469 (is) — should be the same[0m
[32m√ 470 (is) — should be the same[0m
[32m√ 471 (is) — should be the same[0m
[32m√ 472 (is) — should be the same[0m
[32m√ 473 (is) — should be the same[0m
[32m√ 474 (is) — should be the same[0m
[32m√ 475 (is) — should be the same[0m
[32m√ 476 (is) — should be the same[0m
[32m√ 477 (is) — should be the same[0m
[32m√ 478 (is) — should be the same[0m
[32m√ 479 (is) — should be the same[0m
[32m√ 480 (is) — should be the same[0m
[32m√ 481 (is) — should be the same[0m
[32m√ 482 (is) — should be the same[0m
[32m√ 483 (is) — should be the same[0m
[32m√ 484 (is) — should be the same[0m
[32m√ 485 (is) — should be the same[0m
[32m√ 486 (is) — should be the same[0m
[32m√ 487 (is) — should be the same[0m
[32m√ 488 (is) — should be the same[0m
[32m√ 489 (is) — should be the same[0m
[32m√ 490 (is) — should be the same[0m
[32m√ 491 (is) — should be the same[0m
[32m√ 492 (is) — should be the same[0m
[32m√ 493 (is) — should be the same[0m
[32m√ 494 (is) — should be the same[0m
[32m√ 495 (is) — should be the same[0m
[32m√ 496 (is) — should be the same[0m
[32m√ 497 (is) — should be the same[0m
[32m√ 498 (is) — should be the same[0m
[32m√ 499 (is) — should be the same[0m
[32m√ 500 (is) — should be the same[0m
[32m√ 501 (is) — should be the same[0m
[32m√ 502 (is) — should be the same[0m
[32m√ 503 (is) — should be the same[0m
[32m√ 504 (is) — should be the same[0m
[32m√ 505 (is) — should be the same[0m
[32m√ 506 (is) — should be the same[0m
[32m√ 507 (is) — should be the same[0m
[32m√ 508 (is) — should be the same[0m
[32m√ 509 (is) — should be the same[0m
[32m√ 510 (is) — should be the same[0m
[32m√ 511 (is) — should be the same[0m
[32m√ 512 (is) — should be the same[0m
[32m√ 513 (is) — should be the same[0m
[32m√ 514 (is) — should be the same[0m
[32m√ 515 (is) — should be the same[0m
[32m√ 516 (is) — should be the same[0m
[32m√ 517 (is) — should be the same[0m
[32m√ 518 (is) — should be the same[0m
[32m√ 519 (is) — should be the same[0m
[32m√ 520 (is) — should be the same[0m
[32m√ 521 (is) — should be the same[0m
[32m√ 522 (is) — should be the same[0m
[32m√ 523 (is) — should be the same[0m
[32m√ 524 (is) — should be the same[0m
[32m√ 525 (is) — should be the same[0m
[32m√ 526 (is) — should be the same[0m
[32m√ 527 (is) — should be the same[0m
[32m√ 528 (is) — should be the same[0m
[32m√ 529 (is) — should be the same[0m
[32m√ 530 (is) — should be the same[0m
[32m√ 531 (is) — should be the same[0m
[32m√ 532 (is) — should be the same[0m
[32m√ 533 (is) — should be the same[0m
[32m√ 534 (is) — should be the same[0m
[32m√ 535 (is) — should be the same[0m
[32m√ 536 (is) — should be the same[0m
[32m√ 537 (is) — should be the same[0m
[32m√ 538 (is) — should be the same[0m
[32m√ 539 (is) — should be the same[0m
[32m√ 540 (is) — should be the same[0m
[32m√ 541 (is) — should be the same[0m
[32m√ 542 (is) — should be the same[0m
[32m√ 543 (is) — should be the same[0m
[32m√ 544 (is) — should be the same[0m
[32m√ 545 (is) — should be the same[0m
[32m√ 546 (is) — should be the same[0m
[32m√ 547 (is) — should be the same[0m
[32m√ 548 (is) — should be the same[0m
[32m√ 549 (is) — should be the same[0m
[32m√ 550 (is) — should be the same[0m
[32m√ 551 (is) — should be the same[0m
[32m√ 552 (is) — should be the same[0m
[32m√ 553 (is) — should be the same[0m
[32m√ 554 (is) — should be the same[0m
[32m√ 555 (is) — should be the same[0m
[32m√ 556 (is) — should be the same[0m
[32m√ 557 (is) — should be the same[0m
[32m√ 558 (is) — should be the same[0m
[32m√ 559 (is) — should be the same[0m
[32m√ 560 (is) — should be the same[0m
[32m√ 561 (is) — should be the same[0m
[32m√ 562 (is) — should be the same[0m
[32m√ 563 (is) — should be the same[0m
[32m√ 564 (is) — should be the same[0m
[32m√ 565 (is) — should be the same[0m
[32m√ 566 (is) — should be the same[0m
[32m√ 567 (is) — should be the same[0m
[32m√ 568 (is) — should be the same[0m
[32m√ 569 (is) — should be the same[0m
[32m√ 570 (is) — should be the same[0m
[32m√ 571 (is) — should be the same[0m
[32m√ 572 (is) — should be the same[0m
[32m√ 573 (is) — should be the same[0m
[32m√ 574 (is) — should be the same[0m
[32m√ 575 (is) — should be the same[0m
[32m√ 576 (is) — should be the same[0m
[32m√ 577 (is) — should be the same[0m
[32m√ 578 (is) — should be the same[0m
[32m√ 579 (is) — should be the same[0m
[32m√ 580 (is) — should be the same[0m
[32m√ 581 (is) — should be the same[0m
[32m√ 582 (is) — should be the same[0m
[32m√ 583 (is) — should be the same[0m
[32m√ 584 (is) — should be the same[0m
[32m√ 585 (is) — should be the same[0m
[32m√ 586 (is) — should be the same[0m
[32m√ 587 (is) — should be the same[0m
[32m√ 588 (is) — should be the same[0m
[32m√ 589 (is) — should be the same[0m
[32m√ 590 (is) — should be the same[0m
[32m√ 591 (is) — should be the same[0m
[32m√ 592 (is) — should be the same[0m
[32m√ 593 (is) — should be the same[0m
[32m√ 594 (is) — should be the same[0m
[32m√ 595 (is) — should be the same[0m
[32m√ 596 (is) — should be the same[0m
[32m√ 597 (is) — should be the same[0m
[32m√ 598 (is) — should be the same[0m
[32m√ 599 (is) — should be the same[0m
[32m√ 600 (is) — should be the same[0m
[32m√ 601 (is) — should be the same[0m
[32m√ 602 (is) — should be the same[0m
[32m√ 603 (is) — should be the same[0m
[32m√ 604 (is) — should be the same[0m
[32m√ 605 (is) — should be the same[0m
[32m√ 606 (is) — should be the same[0m
[32m√ 607 (is) — should be the same[0m
[32m√ 608 (is) — should be the same[0m
[32m√ 609 (is) — should be the same[0m
[32m√ 610 (is) — should be the same[0m
[32m√ 611 (is) — should be the same[0m
[32m√ 612 (is) — should be the same[0m
[32m√ 613 (is) — should be the same[0m
[32m√ 614 (is) — should be the same[0m
[32m√ 615 (is) — should be the same[0m
[32m√ 616 (is) — should be the same[0m
[32m√ 617 (is) — should be the same[0m
[32m√ 618 (is) — should be the same[0m
[32m√ 619 (is) — should be the same[0m
[32m√ 620 (is) — should be the same[0m
[32m√ 621 (is) — should be the same[0m
[32m√ 622 (is) — should be the same[0m
[32m√ 623 (is) — should be the same[0m
[32m√ 624 (is) — should be the same[0m
[32m√ 625 (is) — should be the same[0m
[32m√ 626 (is) — should be the same[0m
[32m√ 627 (is) — should be the same[0m
[32m√ 628 (is) — should be the same[0m
[32m√ 629 (is) — should be the same[0m
[32m√ 630 (is) — should be the same[0m
[32m√ 631 (is) — should be the same[0m
[32m√ 632 (is) — should be the same[0m
[32m√ 633 (is) — should be the same[0m
[32m√ 634 (is) — should be the same[0m
[32m√ 635 (is) — should be the same[0m
[32m√ 636 (is) — should be the same[0m
[32m√ 637 (is) — should be the same[0m
[32m√ 638 (is) — should be the same[0m
[32m√ 639 (is) — should be the same[0m
[32m√ 640 (is) — should be the same[0m
[32m√ 641 (is) — should be the same[0m
[32m√ 642 (is) — should be the same[0m
[32m√ 643 (is) — should be the same[0m
[32m√ 644 (is) — should be the same[0m
[32m√ 645 (is) — should be the same[0m
[32m√ 646 (is) — should be the same[0m
[32m√ 647 (is) — should be the same[0m
[32m√ 648 (is) — should be the same[0m
[32m√ 649 (is) — should be the same[0m
[32m√ 650 (is) — should be the same[0m
[32m√ 651 (is) — should be the same[0m
[32m√ 652 (is) — should be the same[0m
[32m√ 653 (is) — should be the same[0m
[32m√ 654 (is) — should be the same[0m
[32m√ 655 (is) — should be the same[0m
[32m√ 656 (is) — should be the same[0m
[32m√ 657 (is) — should be the same[0m
[32m√ 658 (is) — should be the same[0m
[32m√ 659 (is) — should be the same[0m
[32m√ 660 (is) — should be the same[0m
[32m√ 661 (is) — should be the same[0m
[32m√ 662 (is) — should be the same[0m
[32m√ 663 (is) — should be the same[0m
[32m√ 664 (is) — should be the same[0m
[32m√ 665 (is) — should be the same[0m
[32m√ 666 (is) — should be the same[0m
[32m√ 667 (is) — should be the same[0m
[32m√ 668 (is) — should be the same[0m
[32m√ 669 (is) — should be the same[0m
[32m√ 670 (is) — should be the same[0m
[32m√ 671 (is) — should be the same[0m
[32m√ 672 (is) — should be the same[0m
[32m√ 673 (is) — should be the same[0m
[32m√ 674 (is) — should be the same[0m
[32m√ 675 (is) — should be the same[0m
[32m√ 676 (is) — should be the same[0m
[32m√ 677 (is) — should be the same[0m
[32m√ 678 (is) — should be the same[0m
[32m√ 679 (is) — should be the same[0m
[32m√ 680 (is) — should be the same[0m
[32m√ 681 (is) — should be the same[0m
[32m√ 682 (is) — should be the same[0m
[32m√ 683 (is) — should be the same[0m
[32m√ 684 (is) — should be the same[0m
[32m√ 685 (is) — should be the same[0m
[32m√ 686 (is) — should be the same[0m
[32m√ 687 (is) — should be the same[0m
[32m√ 688 (is) — should be the same[0m
[32m√ 689 (is) — should be the same[0m
[32m√ 690 (is) — should be the same[0m
[32m√ 691 (is) — should be the same[0m
[32m√ 692 (is) — should be the same[0m
[32m√ 693 (is) — should be the same[0m
[32m√ 694 (is) — should be the same[0m
[32m√ 695 (is) — should be the same[0m
[32m√ 696 (is) — should be the same[0m
[32m√ 697 (is) — should be the same[0m
[32m√ 698 (is) — should be the same[0m
[32m√ 699 (is) — should be the same[0m
[32m√ 700 (is) — should be the same[0m
[32m√ 701 (is) — should be the same[0m
[32m√ 702 (is) — should be the same[0m
[32m√ 703 (is) — should be the same[0m
[32m√ 704 (is) — should be the same[0m
[32m√ 705 (is) — should be the same[0m
[32m√ 706 (is) — should be the same[0m
[32m√ 707 (is) — should be the same[0m
[32m√ 708 (is) — should be the same[0m
[32m√ 709 (is) — should be the same[0m
[32m√ 710 (is) — should be the same[0m
[32m√ 711 (is) — should be the same[0m
[32m√ 712 (is) — should be the same[0m
[32m√ 713 (is) — should be the same[0m
[32m√ 714 (is) — should be the same[0m
[32m√ 715 (is) — should be the same[0m
[32m√ 716 (is) — should be the same[0m
[32m√ 717 (is) — should be the same[0m
[32m√ 718 (is) — should be the same[0m
[32m√ 719 (is) — should be the same[0m
[32m√ 720 (is) — should be the same[0m
[32m√ 721 (is) — should be the same[0m
[32m√ 722 (is) — should be the same[0m
[32m√ 723 (is) — should be the same[0m
[32m√ 724 (is) — should be the same[0m
[32m√ 725 (is) — should be the same[0m
[32m√ 726 (is) — should be the same[0m
[32m√ 727 (is) — should be the same[0m
[32m√ 728 (is) — should be the same[0m
[32m√ 729 (is) — should be the same[0m
[32m√ 730 (is) — should be the same[0m
[32m√ 731 (is) — should be the same[0m
[32m√ 732 (is) — should be the same[0m
[32m√ 733 (is) — should be the same[0m
[32m√ 734 (is) — should be the same[0m
[32m√ 735 (is) — should be the same[0m
[32m√ 736 (is) — should be the same[0m
[32m√ 737 (is) — should be the same[0m
[32m√ 738 (is) — should be the same[0m
[32m√ 739 (is) — should be the same[0m
[32m√ 740 (is) — should be the same[0m
[32m√ 741 (is) — should be the same[0m
[32m√ 742 (is) — should be the same[0m
[32m√ 743 (is) — should be the same[0m
[32m√ 744 (is) — should be the same[0m
[32m√ 745 (is) — should be the same[0m
[32m√ 746 (is) — should be the same[0m
[32m√ 747 (is) — should be the same[0m
[32m√ 748 (is) — should be the same[0m
[32m√ 749 (is) — should be the same[0m
[32m√ 750 (is) — should be the same[0m
[32m√ 751 (is) — should be the same[0m
[32m√ 752 (is) — should be the same[0m
[32m√ 753 (is) — should be the same[0m
[32m√ 754 (is) — should be the same[0m
[32m√ 755 (is) — should be the same[0m
[32m√ 756 (is) — should be the same[0m
[32m√ 757 (is) — should be the same[0m
[32m√ 758 (is) — should be the same[0m
[32m√ 759 (is) — should be the same[0m
[32m√ 760 (is) — should be the same[0m
[32m√ 761 (is) — should be the same[0m
[32m√ 762 (is) — should be the same[0m
[32m√ 763 (is) — should be the same[0m
[32m√ 764 (is) — should be the same[0m
[32m√ 765 (is) — should be the same[0m
[32m√ 766 (is) — should be the same[0m
[32m√ 767 (is) — should be the same[0m
[32m√ 768 (is) — should be the same[0m
[32m√ 769 (is) — should be the same[0m
[32m√ 770 (is) — should be the same[0m
[32m√ 771 (is) — should be the same[0m
[32m√ 772 (is) — should be the same[0m
[32m√ 773 (is) — should be the same[0m
[32m√ 774 (is) — should be the same[0m
[32m√ 775 (is) — should be the same[0m
[32m√ 776 (is) — should be the same[0m
[32m√ 777 (is) — should be the same[0m
[32m√ 778 (is) — should be the same[0m
[32m√ 779 (is) — should be the same[0m
[32m√ 780 (is) — should be the same[0m
[32m√ 781 (is) — should be the same[0m
[32m√ 782 (is) — should be the same[0m
[32m√ 783 (is) — should be the same[0m
[32m√ 784 (is) — should be the same[0m
[32m√ 785 (is) — should be the same[0m
[32m√ 786 (is) — should be the same[0m
[32m√ 787 (is) — should be the same[0m
[32m√ 788 (is) — should be the same[0m
[32m√ 789 (is) — should be the same[0m
[32m√ 790 (is) — should be the same[0m
[32m√ 791 (is) — should be the same[0m
[32m√ 792 (is) — should be the same[0m
[32m√ 793 (is) — should be the same[0m
[32m√ 794 (is) — should be the same[0m
[32m√ 795 (is) — should be the same[0m
[32m√ 796 (is) — should be the same[0m
[32m√ 797 (is) — should be the same[0m
[32m√ 798 (is) — should be the same[0m
[32m√ 799 (is) — should be the same[0m
[32m√ 800 (is) — should be the same[0m
[32m√ 801 (is) — should be the same[0m
[32m√ 802 (is) — should be the same[0m
[32m√ 803 (is) — should be the same[0m
[32m√ 804 (is) — should be the same[0m
[32m√ 805 (is) — should be the same[0m
[32m√ 806 (is) — should be the same[0m
[32m√ 807 (is) — should be the same[0m
[32m√ 808 (is) — should be the same[0m
[32m√ 809 (is) — should be the same[0m
[32m√ 810 (is) — should be the same[0m
[32m√ 811 (is) — should be the same[0m
[32m√ 812 (is) — should be the same[0m
[32m√ 813 (is) — should be the same[0m
[32m√ 814 (is) — should be the same[0m
[32m√ 815 (is) — should be the same[0m
[32m√ 816 (is) — should be the same[0m
[32m√ 817 (is) — should be the same[0m
[32m√ 818 (is) — should be the same[0m
[32m√ 819 (is) — should be the same[0m
[32m√ 820 (is) — should be the same[0m
[32m√ 821 (is) — should be the same[0m
[32m√ 822 (is) — should be the same[0m
[32m√ 823 (is) — should be the same[0m
[32m√ 824 (is) — should be the same[0m
[32m√ 825 (is) — should be the same[0m
[32m√ 826 (is) — should be the same[0m
[32m√ 827 (is) — should be the same[0m
[32m√ 828 (is) — should be the same[0m
[32m√ 829 (is) — should be the same[0m
[32m√ 830 (is) — should be the same[0m
[32m√ 831 (is) — should be the same[0m
[32m√ 832 (is) — should be the same[0m
[32m√ 833 (is) — should be the same[0m
[32m√ 834 (is) — should be the same[0m
[32m√ 835 (is) — should be the same[0m
[32m√ 836 (is) — should be the same[0m
[32m√ 837 (is) — should be the same[0m
[32m√ 838 (is) — should be the same[0m
[32m√ 839 (is) — should be the same[0m
[32m√ 840 (is) — should be the same[0m
[32m√ 841 (is) — should be the same[0m
[32m√ 842 (is) — should be the same[0m
[32m√ 843 (is) — should be the same[0m
[32m√ 844 (is) — should be the same[0m
[32m√ 845 (is) — should be the same[0m
[32m√ 846 (is) — should be the same[0m
[32m√ 847 (is) — should be the same[0m
[32m√ 848 (is) — should be the same[0m
[32m√ 849 (is) — should be the same[0m
[32m√ 850 (is) — should be the same[0m
[32m√ 851 (is) — should be the same[0m
[32m√ 852 (is) — should be the same[0m
[32m√ 853 (is) — should be the same[0m
[32m√ 854 (is) — should be the same[0m
[32m√ 855 (is) — should be the same[0m
[32m√ 856 (is) — should be the same[0m
[32m√ 857 (is) — should be the same[0m
[32m√ 858 (is) — should be the same[0m
[32m√ 859 (is) — should be the same[0m
[32m√ 860 (is) — should be the same[0m
[32m√ 861 (is) — should be the same[0m
[32m√ 862 (is) — should be the same[0m
[32m√ 863 (is) — should be the same[0m
[32m√ 864 (is) — should be the same[0m
[32m√ 865 (is) — should be the same[0m
[32m√ 866 (is) — should be the same[0m
[32m√ 867 (is) — should be the same[0m
[32m√ 868 (is) — should be the same[0m
[32m√ 869 (is) — should be the same[0m
[32m√ 870 (is) — should be the same[0m
[32m√ 871 (is) — should be the same[0m
[32m√ 872 (is) — should be the same[0m
[32m√ 873 (is) — should be the same[0m
[32m√ 874 (is) — should be the same[0m
[32m√ 875 (is) — should be the same[0m
[32m√ 876 (is) — should be the same[0m
[32m√ 877 (is) — should be the same[0m
[32m√ 878 (is) — should be the same[0m
[32m√ 879 (is) — should be the same[0m
[32m√ 880 (is) — should be the same[0m
[32m√ 881 (is) — should be the same[0m
[32m√ 882 (is) — should be the same[0m
[32m√ 883 (is) — should be the same[0m
[32m√ 884 (is) — should be the same[0m
[32m√ 885 (is) — should be the same[0m
[32m√ 886 (is) — should be the same[0m
[32m√ 887 (is) — should be the same[0m
[32m√ 888 (is) — should be the same[0m
[32m√ 889 (is) — should be the same[0m
[32m√ 890 (is) — should be the same[0m
[32m√ 891 (is) — should be the same[0m
[32m√ 892 (is) — should be the same[0m
[32m√ 893 (is) — should be the same[0m
[32m√ 894 (is) — should be the same[0m
[32m√ 895 (is) — should be the same[0m
[32m√ 896 (is) — should be the same[0m
[32m√ 897 (is) — should be the same[0m
[32m√ 898 (is) — should be the same[0m
[32m√ 899 (is) — should be the same[0m
[32m√ 900 (is) — should be the same[0m
[32m√ 901 (is) — should be the same[0m
[32m√ 902 (is) — should be the same[0m
[32m√ 903 (is) — should be the same[0m
[32m√ 904 (is) — should be the same[0m
[32m√ 905 (is) — should be the same[0m
[32m√ 906 (is) — should be the same[0m
[32m√ 907 (is) — should be the same[0m
[32m√ 908 (is) — should be the same[0m
[32m√ 909 (is) — should be the same[0m
[32m√ 910 (is) — should be the same[0m
[32m√ 911 (is) — should be the same[0m
[32m√ 912 (is) — should be the same[0m
[32m√ 913 (is) — should be the same[0m
[32m√ 914 (is) — should be the same[0m
[32m√ 915 (is) — should be the same[0m
[32m√ 916 (is) — should be the same[0m
[32m√ 917 (is) — should be the same[0m
[32m√ 918 (is) — should be the same[0m
[32m√ 919 (is) — should be the same[0m
[32m√ 920 (is) — should be the same[0m
[32m√ 921 (is) — should be the same[0m
[32m√ 922 (is) — should be the same[0m
[32m√ 923 (is) — should be the same[0m
[32m√ 924 (is) — should be the same[0m
[32m√ 925 (is) — should be the same[0m
[32m√ 926 (is) — should be the same[0m
[32m√ 927 (is) — should be the same[0m
[32m√ 928 (is) — should be the same[0m
[32m√ 929 (is) — should be the same[0m
[32m√ 930 (is) — should be the same[0m
[32m√ 931 (is) — should be the same[0m
[32m√ 932 (is) — should be the same[0m
[32m√ 933 (is) — should be the same[0m
[32m√ 934 (is) — should be the same[0m
[32m√ 935 (is) — should be the same[0m
[32m√ 936 (is) — should be the same[0m
[32m√ 937 (is) — should be the same[0m
[32m√ 938 (is) — should be the same[0m
[32m√ 939 (is) — should be the same[0m
[32m√ 940 (is) — should be the same[0m
[32m√ 941 (is) — should be the same[0m
[32m√ 942 (is) — should be the same[0m
[32m√ 943 (is) — should be the same[0m
[32m√ 944 (is) — should be the same[0m
[32m√ 945 (is) — should be the same[0m
[32m√ 946 (is) — should be the same[0m
[32m√ 947 (is) — should be the same[0m
[32m√ 948 (is) — should be the same[0m
[32m√ 949 (is) — should be the same[0m
[32m√ 950 (is) — should be the same[0m
[32m√ 951 (is) — should be the same[0m
[32m√ 952 (is) — should be the same[0m
[32m√ 953 (is) — should be the same[0m
[32m√ 954 (is) — should be the same[0m
[32m√ 955 (is) — should be the same[0m
[32m√ 956 (is) — should be the same[0m
[32m√ 957 (is) — should be the same[0m
[32m√ 958 (is) — should be the same[0m
[32m√ 959 (is) — should be the same[0m
[32m√ 960 (is) — should be the same[0m
[32m√ 961 (is) — should be the same[0m
[32m√ 962 (is) — should be the same[0m
[32m√ 963 (is) — should be the same[0m
[32m√ 964 (is) — should be the same[0m
[32m√ 965 (is) — should be the same[0m
[32m√ 966 (is) — should be the same[0m
[32m√ 967 (is) — should be the same[0m
[32m√ 968 (is) — should be the same[0m
[32m√ 969 (is) — should be the same[0m
[32m√ 970 (is) — should be the same[0m
[32m√ 971 (is) — should be the same[0m
[32m√ 972 (is) — should be the same[0m
[32m√ 973 (is) — should be the same[0m
[32m√ 974 (is) — should be the same[0m
[32m√ 975 (is) — should be the same[0m
[32m√ 976 (is) — should be the same[0m
[32m√ 977 (is) — should be the same[0m
[32m√ 978 (is) — should be the same[0m
[32m√ 979 (is) — should be the same[0m
[32m√ 980 (is) — should be the same[0m
[32m√ 981 (is) — should be the same[0m
[32m√ 982 (is) — should be the same[0m
[32m√ 983 (is) — should be the same[0m
[32m√ 984 (is) — should be the same[0m
[32m√ 985 (is) — should be the same[0m
[32m√ 986 (is) — should be the same[0m
[32m√ 987 (is) — should be the same[0m
[32m√ 988 (is) — should be the same[0m
[32m√ 989 (is) — should be the same[0m
[32m√ 990 (is) — should be the same[0m
[32m√ 991 (is) — should be the same[0m
[32m√ 992 (is) — should be the same[0m
[32m√ 993 (is) — should be the same[0m
[32m√ 994 (is) — should be the same[0m
[32m√ 995 (is) — should be the same[0m
[32m√ 996 (is) — should be the same[0m
[32m√ 997 (is) — should be the same[0m
[32m√ 998 (is) — should be the same[0m
[32m√ 999 (is) — should be the same[0m
[32m√ 1000 (is) — should be the same[0m
[32m√ 1001 (is) — should be the same[0m
[32m√ 1002 (is) — should be the same[0m
[32m√ 1003 (is) — should be the same[0m
[32m√ 1004 (is) — should be the same[0m
[32m√ 1005 (is) — should be the same[0m
[32m√ 1006 (is) — should be the same[0m
[32m√ 1007 (is) — should be the same[0m
[32m√ 1008 (is) — should be the same[0m
[32m√ 1009 (is) — should be the same[0m
[32m√ 1010 (is) — should be the same[0m
[32m√ 1011 (is) — should be the same[0m
[32m√ 1012 (is) — should be the same[0m
[32m√ 1013 (is) — should be the same[0m
[32m√ 1014 (is) — should be the same[0m
[32m√ 1015 (is) — should be the same[0m
[32m√ 1016 (is) — should be the same[0m
[32m√ 1017 (is) — should be the same[0m
[32m√ 1018 (is) — should be the same[0m
[32m√ 1019 (is) — should be the same[0m
[32m√ 1020 (is) — should be the same[0m
[32m√ 1021 (is) — should be the same[0m
[32m√ 1022 (is) — should be the same[0m
[32m√ 1023 (is) — should be the same[0m
[32m√ 1024 (is) — should be the same[0m
[32m√ 1025 (is) — should be the same[0m
[32m√ 1026 (is) — should be the same[0m
[32m√ 1027 (is) — should be the same[0m
[32m√ 1028 (is) — should be the same[0m
[32m√ 1029 (is) — should be the same[0m
[32m√ 1030 (is) — should be the same[0m
[32m√ 1031 (is) — should be the same[0m
[32m√ 1032 (is) — should be the same[0m
[32m√ 1033 (is) — should be the same[0m
[32m√ 1034 (is) — should be the same[0m
[32m√ 1035 (is) — should be the same[0m
[32m√ 1036 (is) — should be the same[0m
[32m√ 1037 (is) — should be the same[0m
[32m√ 1038 (is) — should be the same[0m
[32m√ 1039 (is) — should be the same[0m
[32m√ 1040 (is) — should be the same[0m
[32m√ 1041 (is) — should be the same[0m
[32m√ 1042 (is) — should be the same[0m
[32m√ 1043 (is) — should be the same[0m
[32m√ 1044 (is) — should be the same[0m
[32m√ 1045 (is) — should be the same[0m
[32m√ 1046 (is) — should be the same[0m
[32m√ 1047 (is) — should be the same[0m
[32m√ 1048 (is) — should be the same[0m
[32m√ 1049 (is) — should be the same[0m
[32m√ 1050 (is) — should be the same[0m
[32m√ 1051 (is) — should be the same[0m
[32m√ 1052 (is) — should be the same[0m
[32m√ 1053 (is) — should be the same[0m
[32m√ 1054 (is) — should be the same[0m
[32m√ 1055 (is) — should be the same[0m
[32m√ 1056 (is) — should be the same[0m
[32m√ 1057 (is) — should be the same[0m
[32m√ 1058 (is) — should be the same[0m
[32m√ 1059 (is) — should be the same[0m
[32m√ 1060 (is) — should be the same[0m
[32m√ 1061 (is) — should be the same[0m
[32m√ 1062 (is) — should be the same[0m
[32m√ 1063 (is) — should be the same[0m
[32m√ 1064 (is) — should be the same[0m
[32m√ 1065 (is) — should be the same[0m
[32m√ 1066 (is) — should be the same[0m
[32m√ 1067 (is) — should be the same[0m
[32m√ 1068 (is) — should be the same[0m
[32m√ 1069 (is) — should be the same[0m
[32m√ 1070 (is) — should be the same[0m
[32m√ 1071 (is) — should be the same[0m
[32m√ 1072 (is) — should be the same[0m
[32m√ 1073 (is) — should be the same[0m
[32m√ 1074 (is) — should be the same[0m
[32m√ 1075 (is) — should be the same[0m
[32m√ 1076 (is) — should be the same[0m
[32m√ 1077 (is) — should be the same[0m
[32m√ 1078 (is) — should be the same[0m
[32m√ 1079 (is) — should be the same[0m
[32m√ 1080 (is) — should be the same[0m
[32m√ 1081 (is) — should be the same[0m
[32m√ 1082 (is) — should be the same[0m
[32m√ 1083 (is) — should be the same[0m
[32m√ 1084 (is) — should be the same[0m
[32m√ 1085 (is) — should be the same[0m
[32m√ 1086 (is) — should be the same[0m
[32m√ 1087 (is) — should be the same[0m
[32m√ 1088 (is) — should be the same[0m
[32m√ 1089 (is) — should be the same[0m
[32m√ 1090 (is) — should be the same[0m
[32m√ 1091 (is) — should be the same[0m
[32m√ 1092 (is) — should be the same[0m
[32m√ 1093 (is) — should be the same[0m
[32m√ 1094 (is) — should be the same[0m
[32m√ 1095 (is) — should be the same[0m
[32m√ 1096 (is) — should be the same[0m
[32m√ 1097 (is) — should be the same[0m
[32m√ 1098 (is) — should be the same[0m
[32m√ 1099 (is) — should be the same[0m
[32m√ 1100 (is) — should be the same[0m
[32m√ 1101 (is) — should be the same[0m
[32m√ 1102 (is) — should be the same[0m
[32m√ 1103 (is) — should be the same[0m
[32m√ 1104 (is) — should be the same[0m
[32m√ 1105 (is) — should be the same[0m
[32m√ 1106 (is) — should be the same[0m
[32m√ 1107 (is) — should be the same[0m
[32m√ 1108 (is) — should be the same[0m
[32m√ 1109 (is) — should be the same[0m
[32m√ 1110 (is) — should be the same[0m
[32m√ 1111 (is) — should be the same[0m
[32m√ 1112 (is) — should be the same[0m
[32m√ 1113 (is) — should be the same[0m
[32m√ 1114 (is) — should be the same[0m
[32m√ 1115 (is) — should be the same[0m
[32m√ 1116 (is) — should be the same[0m
[32m√ 1117 (is) — should be the same[0m
[32m√ 1118 (is) — should be the same[0m
[32m√ 1119 (is) — should be the same[0m
[32m√ 1120 (is) — should be the same[0m
[32m√ 1121 (is) — should be the same[0m
[32m√ 1122 (is) — should be the same[0m
[32m√ 1123 (is) — should be the same[0m
[32m√ 1124 (is) — should be the same[0m
[32m√ 1125 (is) — should be the same[0m
[32m√ 1126 (is) — should be the same[0m
[32m√ 1127 (is) — should be the same[0m
[32m√ 1128 (is) — should be the same[0m
[32m√ 1129 (is) — should be the same[0m
[32m√ 1130 (is) — should be the same[0m
[32m√ 1131 (is) — should be the same[0m
[32m√ 1132 (is) — should be the same[0m
[32m√ 1133 (is) — should be the same[0m
[32m√ 1134 (is) — should be the same[0m
[32m√ 1135 (is) — should be the same[0m
[32m√ 1136 (is) — should be the same[0m
[32m√ 1137 (is) — should be the same[0m
[32m√ 1138 (is) — should be the same[0m
[32m√ 1139 (is) — should be the same[0m
[32m√ 1140 (is) — should be the same[0m
[32m√ 1141 (is) — should be the same[0m
[32m√ 1142 (is) — should be the same[0m
[32m√ 1143 (is) — should be the same[0m
[32m√ 1144 (is) — should be the same[0m
[32m√ 1145 (is) — should be the same[0m
[32m√ 1146 (is) — should be the same[0m
[32m√ 1147 (is) — should be the same[0m
[32m√ 1148 (is) — should be the same[0m
[32m√ 1149 (is) — should be the same[0m
[32m√ 1150 (is) — should be the same[0m
[32m√ 1151 (is) — should be the same[0m
[32m√ 1152 (is) — should be the same[0m
[32m√ 1153 (is) — should be the same[0m
[32m√ 1154 (is) — should be the same[0m
[32m√ 1155 (is) — should be the same[0m
[32m√ 1156 (is) — should be the same[0m
[32m√ 1157 (is) — should be the same[0m

[0m► hwb: rgb -> hwb
[32m√ 1158 (is) — should be the same[0m

[0m► hwb: hsv -> hwb
[32m√ 1159 (is) — should be the same[0m
[32m√ 1160 (is) — should be the same[0m
[32m√ 1161 (is) — should be the same[0m

[0m► hwb: hwb -> hsv
[32m√ 1162 (is) — should be the same[0m
[32m√ 1163 (is) — should be the same[0m
[32m√ 1164 (is) — should be the same[0m

[0m► hwb: hwb -> hsl
[32m√ 1165 (is) — should be the same[0m

[0m► hwb: hsl -> hwb
[32m√ 1166 (is) — should be the same[0m
[32m√ 1167 (is) — should be the same[0m

[0m► xyY: xyz -> xyy
[32m√ 1168 (is) — should be the same[0m
[32m√ 1169 (is) — should be the same[0m
[32m√ 1170 (is) — should be the same[0m

[0m► xyY: xyy -> xyz
[32m√ 1171 (is) — should be the same[0m
[32m√ 1172 (is) — should be the same[0m

[0m► labh: rgb -> labh
[32m√ 1173 (is) — should be the same[0m
[31m× 1174 — should be the same
actual:[0m [ 1, -0.53, 0.54 ] [31m
expect:[0m [ 1, -0.04, 0.04 ] [31m

[0m► labh: labh -> rgb
[32m√ 1175 (is) — should be the same[0m

[0m► labh: xyz -> labh
[32m√ 1176 (is) — should be the same[0m

[0m► labh: labh -> xyz
[32m√ 1177 (is) — should be the same[0m

[0m► lms: lms <-> xyz
[32m√ 1178 (is) — should be the same[0m
[32m√ 1179 (is) — should be the same[0m
[32m√ 1180 (is) — should be the same[0m

[0m► lchab: lchab -> lab
[31m× 1181 — should be the same
actual:[0m [ 0.69, -47.54, 44.33 ] [31m
expect:[0m [ 0.69, -0.38, 0.35 ] [31m

[0m► lchab: lchab -> xyz
[31m× 1182 — should be the same
actual:[0m [ -1.38, 0.39, -3.79 ] [31m
expect:[0m [ 0.25, 0.39, 0.15 ] [31m

[0m► lchab: lchab -> rgb
[31m× 1183 — should be the same
actual:[0m [ -1.65, 1.33, -1.86 ] [31m
expect:[0m [ 0.38, 0.74, 0.33 ] [31m

[0m► lchab: rgb -> lchab
[31m× 1184 — should be the same
actual:[0m [ 0.7, 0.54, 0.38 ] [31m
expect:[0m [ 0.7, 67, 0.38 ] [31m

[0m► luv: rgb -> luv
[32m√ 1185 (is) — should be the same[0m
[32m√ 1186 (is) — should be the same[0m
[32m√ 1187 (is) — should be the same[0m

[0m► luv: luv -> rgb
[32m√ 1188 (is) — should be the same[0m
[32m√ 1189 (is) — should be the same[0m

[0m► luv: xyz -> luv
[32m√ 1190 (is) — should be the same[0m
[32m√ 1191 (is) — should be the same[0m

[0m► luv: luv -> xyz
[32m√ 1192 (is) — should be the same[0m
[32m√ 1193 (is) — should be the same[0m

[0m► lchuv: luv <-> lchuv
[32m√ 1194 (is) — should be the same[0m
[32m√ 1195 (is) — should be the same[0m

[36m» hsluv: lch -> luv ≡ lchuv -> luv (skip)[0m
[36m» hsluv: luv -> xyz ≡ luv -> xyz  (skip)[0m
[36m» hsluv: xyz -> rgb ≡ xyz -> rgb (skip)[0m
[36m» hsluv: lch -> rgb ≡ lchuv -> rgb (skip)[0m
[36m» hsluv: _hsluv -> rgb ≡ hsluv -> rgb (skip)[0m
[0m
► yiq: yiq -> rgb
[32m√ 1196 (is) — should be the same[0m
[32m√ 1197 (is) — should be the same[0m
[32m√ 1198 (is) — should be the same[0m

[0m► yiq: rgb -> yiq
[32m√ 1199 (is) — should be the same[0m
[32m√ 1200 (is) — should be the same[0m
[32m√ 1201 (is) — should be the same[0m

[0m► yuv: yuv -> rgb
[32m√ 1202 (is) — should be the same[0m
[32m√ 1203 (is) — should be the same[0m

[0m► yuv: rgb -> yuv
[32m√ 1204 (is) — should be the same[0m
[32m√ 1205 (is) — should be the same[0m

[0m► ydbdr: ydbdr -> rgb
[32m√ 1206 (is) — should be the same[0m
[32m√ 1207 (is) — should be the same[0m
[32m√ 1208 (is) — should be the same[0m

[0m► ydbdr: rgb -> ydbdr
[32m√ 1209 (is) — should be the same[0m
[32m√ 1210 (is) — should be the same[0m

[0m► ydbdr: yuv <-> ydbdr
[32m√ 1211 (is) — should be the same[0m
[32m√ 1212 (is) — should be the same[0m

[0m► ycgco: ycgco -> rgb
[32m√ 1213 (is) — should be the same[0m
[32m√ 1214 (is) — should be the same[0m
[32m√ 1215 (is) — should be the same[0m
[32m√ 1216 (is) — should be the same[0m

[0m► ycgco: rgb -> ycgco
[32m√ 1217 (is) — should be the same[0m
[32m√ 1218 (is) — should be the same[0m
[32m√ 1219 (is) — should be the same[0m

[0m► ypbpr: ypbpr -> rgb
[32m√ 1220 (is) — should be the same[0m
[32m√ 1221 (is) — should be the same[0m
[32m√ 1222 (is) — should be the same[0m
[32m√ 1223 (is) — should be the same[0m

[0m► ypbpr: rgb -> ypbpr
[32m√ 1224 (is) — should be the same[0m
[32m√ 1225 (is) — should be the same[0m
[32m√ 1226 (is) — should be the same[0m
[32m√ 1227 (is) — should be the same[0m
[32m√ 1228 (is) — should be the same[0m

[0m► ypbpr: yuv <-> ypbpr
[32m√ 1229 (is) — should be the same[0m
[32m√ 1230 (is) — should be the same[0m

[0m► yccbccrc: yccbccrc -> rgb
[32m√ 1231 (is) — should be the same[0m
[32m√ 1232 (is) — should be the same[0m
[32m√ 1233 (is) — should be the same[0m

[0m► yccbccrc: rgb -> yccbccrc
[32m√ 1234 (is) — should be the same[0m
[32m√ 1235 (is) — should be the same[0m
[32m√ 1236 (is) — should be the same[0m

[0m► ycbcr: ycbcr -> rgb
[31m× 1237 — should be the same
actual:[0m [ 0.79, -0.33, 0.93 ] [31m
expect:[0m [ 0, 0, 0 ] [31m

[0m► ycbcr: rgb -> ycbcr
[31m× 1238 — should be the same
actual:[0m [ 0, 0, 0 ] [31m
expect:[0m [ 0, 0.5, 0.5 ] [31m

[0m► ycbcr: ypbpr <-> ycbcr
[31m× 1239 — should be the same
actual:[0m [ 1, -0.5, -0.5 ] [31m
expect:[0m [ 1, 0, 0 ] [31m

[0m► xvycc: xvycc -> rgb
[31m× 1240 — should be the same
actual:[0m [ 0.79, -0.33, 0.93 ] [31m
expect:[0m [ 0, 0, 0 ] [31m

[0m► xvycc: rgb -> xvycc
[31m× 1241 — should be the same
actual:[0m [ 0, 0, 0 ] [31m
expect:[0m [ 0, 0.5, 0.5 ] [31m

[0m► xvycc: ypbpr <-> xvycc
[31m× 1242 — should be the same
actual:[0m [ 1, -0.5, -0.5 ] [31m
expect:[0m [ 1, 0, 0 ] [31m

[0m► jpeg: jpeg -> rgb
[32m√ 1243 (is) — should be the same[0m
[32m√ 1244 (is) — should be the same[0m
[32m√ 1245 (is) — should be the same[0m

[0m► jpeg: rgb -> jpeg
[32m√ 1246 (is) — should be the same[0m
[32m√ 1247 (is) — should be the same[0m

[0m► ucs: ucs -> xyz
[32m√ 1248 (is) — should be the same[0m

[0m► ucs: xyz -> ucs
[32m√ 1249 (is) — should be the same[0m
[32m√ 1250 (is) — should be the same[0m

[0m► uvw: uvw -> xyz
[32m√ 1251 (is) — should be the same[0m

[0m► uvw: xyz -> uvw
[32m√ 1252 (is) — should be the same[0m

[0m► cubehelix: paint

[33m» osaucs -> xyy (todo)[0m
[0m
► osaucs: xyy -> osaucs
[32m√ 1253 (is) — should be the same[0m
[32m√ 1254 (is) — should be the same[0m

[0m► coloroid: coloroid -> xyz
[32m√ 1255 (is) — should be the same[0m
[32m√ 1256 (is) — should be the same[0m
[32m√ 1257 (is) — should be the same[0m

[0m► coloroid: xyz -> coloroid
[32m√ 1258 (is) — should be the same[0m
[32m√ 1259 (is) — should be the same[0m

[0m► coloroid: paint side colors

[0m► coloroid: paint conversion from hue

[0m► tsl: tsl -> rgb
[32m√ 1260 (is) — should be the same[0m
[32m√ 1261 (is) — should be the same[0m
[32m√ 1262 (is) — should be the same[0m

[0m► tsl: rgb -> tsl
[32m√ 1263 (is) — should be the same[0m

[0m► hsm: hsm <-> rgb
[32m√ 1264 (is) — should be the same[0m
[32m√ 1265 (is) — should be the same[0m
[32m√ 1266 (is) — should be the same[0m
[32m√ 1267 (is) — should be the same[0m
[32m√ 1268 (is) — should be the same[0m
[32m√ 1269 (is) — should be the same[0m

[0m► hsm: rgb -> hsm
[32m√ 1270 (is) — should be the same[0m
[32m√ 1271 (is) — should be the same[0m
[32m√ 1272 (is) — should be the same[0m
[32m√ 1273 (is) — should be the same[0m
[32m√ 1274 (is) — should be the same[0m
[32m√ 1275 (is) — should be the same[0m

[0m► hsm: hsm -> rgb
[32m√ 1276 (is) — should be the same[0m
[32m√ 1277 (is) — should be the same[0m
[32m√ 1278 (is) — should be the same[0m
[32m√ 1279 (is) — should be the same[0m
[32m√ 1280 (is) — should be the same[0m
[32m√ 1281 (is) — should be the same[0m

[0m► yes: yes <-> rgb
[32m√ 1282 (is) — should be the same[0m
[32m√ 1283 (is) — should be the same[0m

[0m► oklab: oklab -> rgb
[32m√ 1284 (is) — should be the same[0m
[32m√ 1285 (is) — should be the same[0m
[32m√ 1286 (is) — should be the same[0m
[32m√ 1287 (is) — should be the same[0m
[32m√ 1288 (is) — should be the same[0m
[32m√ 1289 (is) — should be the same[0m
[32m√ 1290 (is) — should be the same[0m
[32m√ 1291 (is) — should be the same[0m

[0m► oklab: rgb -> oklab
[32m√ 1292 (is) — should be the same[0m
[32m√ 1293 (is) — should be the same[0m
[32m√ 1294 (is) — should be the same[0m
[32m√ 1295 (is) — should be the same[0m
[32m√ 1296 (is) — should be the same[0m
[32m√ 1297 (is) — should be the same[0m
[32m√ 1298 (is) — should be the same[0m
[32m√ 1299 (is) — should be the same[0m

[0m► oklab: xyz -> oklab
[32m√ 1300 (is) — should be the same[0m
[32m√ 1301 (is) — should be the same[0m
[32m√ 1302 (is) — should be the same[0m
[32m√ 1303 (is) — should be the same[0m

[0m► oklab: oklab -> xyz
[32m√ 1304 (is) — should be the same[0m
[32m√ 1305 (is) — should be the same[0m
[32m√ 1306 (is) — should be the same[0m
[32m√ 1307 (is) — should be the same[0m

[0m► oklch: oklch <-> oklab
[32m√ 1308 (is) — should be the same[0m
[32m√ 1309 (is) — should be the same[0m

[0m► okhsl: okhsl <-> rgb
[32m√ 1310 (is) — White L is 1[0m
[32m√ 1311 (is) — Black L is 0[0m
[32m√ 1312 (is) — Red roundtrip[0m
[32m√ 1313 (is) — Arbitrary roundtrip[0m

[0m► okhsv: okhsv <-> rgb
[32m√ 1314 (is) — White V is 1[0m
[32m√ 1315 (is) — Black V is 0[0m
[32m√ 1316 (is) — Blue roundtrip[0m
[32m√ 1317 (is) — Arbitrary roundtrip[0m

[0m► oklrab: oklrab <-> oklab
[32m√ 1318 (is) — should be the same[0m
[32m√ 1319 (is) — should be the same[0m
[32m√ 1320 (is) — should be the same[0m

[0m► oklrch: oklrch <-> oklrab
[32m√ 1321 (is) — should be the same[0m
[32m√ 1322 (is) — should be the same[0m
[32m√ 1323 (is) — should be the same[0m
[32m√ 1324 (is) — should be the same[0m

[0m► jzazbz: jzazbz <-> xyz
[32m√ 1325 (is) — should be the same[0m
[32m√ 1326 (is) — should be the same[0m

[0m► jzczhz: jzczhz <-> jzazbz
[32m√ 1327 (is) — should be the same[0m

[0m► p3
[32m√ 1328 (is) — p3 white to xyz[0m
[32m√ 1329 (is) — xyz white to p3[0m

[0m► rec2020
[32m√ 1330 (is) — rec2020 white to xyz[0m
[32m√ 1331 (is) — xyz white to rec2020[0m

[0m► prophoto
[32m√ 1332 (is) — prophoto white to xyz[0m
[32m√ 1333 (is) — xyz white to prophoto[0m

[0m► a98rgb
[32m√ 1334 (is) — a98rgb white to xyz[0m
[32m√ 1335 (is) — xyz white to a98rgb[0m

[0m► acescg
[32m√ 1336 (is) — acescg white to xyz[0m

[0m► gray
[32m√ 1337 (is) — black to gray[0m
[32m√ 1338 (is) — white to gray[0m
[32m√ 1339 (is) — gray to gray[0m
[32m√ 1340 (is) — red to gray[0m
[32m√ 1341 (is) — green to gray[0m
[32m√ 1342 (is) — blue to gray[0m
[32m√ 1343 (is) — gray to black[0m
[32m√ 1344 (is) — gray to white[0m
[32m√ 1345 (is) — gray to rgb[0m

[0m► rg
[32m√ 1346 (is) — red to rg[0m
[32m√ 1347 (is) — green to rg[0m
[32m√ 1348 (is) — blue to rg[0m
[32m√ 1349 (is) — white to rg[0m
[32m√ 1350 (is) — black to rg[0m
[32m√ 1351 (is) — rg to red[0m
[32m√ 1352 (is) — rg to green[0m
[32m√ 1353 (is) — rg to blue[0m
[32m√ 1354 (is) — rg to white[0m

[0m► hcl
[32m√ 1355 (is) — black to hcl[0m
[32m√ 1356 (is) — white to hcl[0m
[32m√ 1357 (is) — red to hcl[0m
[32m√ 1358 (is) — hcl to black[0m
[32m√ 1359 (is) — hcl gray round-trip[0m

───
# total 1365
# pass 1347
# fail 12 (hcg: hwb -> hcg → should be the same), 11 more...
# skip 6
